115
D12 0 2
D43 5 5
D56 0 1
F11 24 2
F19 9 5
F34 5 1
